{
  "authorDailyContributionsMap": {},
  "authorFinalContributionMap": {},
  "authorFileTypeContributionMap": {},
  "authorContributionVariance": {},
  "authorDisplayNameMap": {}
}
